Archive member included to satisfy reference by file (symbol)

c:/ac6/systemworkbench/plugins/fr.ac6.mcu.externaltools.arm-none.win32_1.17.0.201812190825/tools/compiler/bin/../lib/gcc/arm-none-eabi/7.3.1/../../../../arm-none-eabi/lib/thumb/v7-m\libc.a(lib_a-errno.o)
                              src/syscalls.o (__errno)
c:/ac6/systemworkbench/plugins/fr.ac6.mcu.externaltools.arm-none.win32_1.17.0.201812190825/tools/compiler/bin/../lib/gcc/arm-none-eabi/7.3.1/../../../../arm-none-eabi/lib/thumb/v7-m\libc.a(lib_a-exit.o)
                              c:/ac6/systemworkbench/plugins/fr.ac6.mcu.externaltools.arm-none.win32_1.17.0.201812190825/tools/compiler/bin/../lib/gcc/arm-none-eabi/7.3.1/../../../../arm-none-eabi/lib/thumb/v7-m/crt0.o (exit)
c:/ac6/systemworkbench/plugins/fr.ac6.mcu.externaltools.arm-none.win32_1.17.0.201812190825/tools/compiler/bin/../lib/gcc/arm-none-eabi/7.3.1/../../../../arm-none-eabi/lib/thumb/v7-m\libc.a(lib_a-impure.o)
                              c:/ac6/systemworkbench/plugins/fr.ac6.mcu.externaltools.arm-none.win32_1.17.0.201812190825/tools/compiler/bin/../lib/gcc/arm-none-eabi/7.3.1/../../../../arm-none-eabi/lib/thumb/v7-m\libc.a(lib_a-exit.o) (_global_impure_ptr)
c:/ac6/systemworkbench/plugins/fr.ac6.mcu.externaltools.arm-none.win32_1.17.0.201812190825/tools/compiler/bin/../lib/gcc/arm-none-eabi/7.3.1/../../../../arm-none-eabi/lib/thumb/v7-m\libc.a(lib_a-init.o)
                              c:/ac6/systemworkbench/plugins/fr.ac6.mcu.externaltools.arm-none.win32_1.17.0.201812190825/tools/compiler/bin/../lib/gcc/arm-none-eabi/7.3.1/../../../../arm-none-eabi/lib/thumb/v7-m/crt0.o (__libc_init_array)
c:/ac6/systemworkbench/plugins/fr.ac6.mcu.externaltools.arm-none.win32_1.17.0.201812190825/tools/compiler/bin/../lib/gcc/arm-none-eabi/7.3.1/../../../../arm-none-eabi/lib/thumb/v7-m\libc.a(lib_a-memcpy.o)
                              Middlewares/Third_Party/FreeRTOS/Source/queue.o (memcpy)
c:/ac6/systemworkbench/plugins/fr.ac6.mcu.externaltools.arm-none.win32_1.17.0.201812190825/tools/compiler/bin/../lib/gcc/arm-none-eabi/7.3.1/../../../../arm-none-eabi/lib/thumb/v7-m\libc.a(lib_a-memset.o)
                              c:/ac6/systemworkbench/plugins/fr.ac6.mcu.externaltools.arm-none.win32_1.17.0.201812190825/tools/compiler/bin/../lib/gcc/arm-none-eabi/7.3.1/../../../../arm-none-eabi/lib/thumb/v7-m/crt0.o (memset)
c:/ac6/systemworkbench/plugins/fr.ac6.mcu.externaltools.arm-none.win32_1.17.0.201812190825/tools/compiler/bin/../lib/gcc/arm-none-eabi/7.3.1/../../../../arm-none-eabi/lib/thumb/v7-m\libc.a(lib_a-rand.o)
                              src/main.o (rand)
c:/ac6/systemworkbench/plugins/fr.ac6.mcu.externaltools.arm-none.win32_1.17.0.201812190825/tools/compiler/bin/../lib/gcc/arm-none-eabi/7.3.1/../../../../arm-none-eabi/lib/thumb/v7-m\libc.a(lib_a-__call_atexit.o)
                              c:/ac6/systemworkbench/plugins/fr.ac6.mcu.externaltools.arm-none.win32_1.17.0.201812190825/tools/compiler/bin/../lib/gcc/arm-none-eabi/7.3.1/../../../../arm-none-eabi/lib/thumb/v7-m\libc.a(lib_a-exit.o) (__call_exitprocs)
c:/ac6/systemworkbench/plugins/fr.ac6.mcu.externaltools.arm-none.win32_1.17.0.201812190825/tools/compiler/bin/../lib/gcc/arm-none-eabi/7.3.1/../../../../arm-none-eabi/lib/thumb/v7-m\libc.a(lib_a-atexit.o)
                              c:/ac6/systemworkbench/plugins/fr.ac6.mcu.externaltools.arm-none.win32_1.17.0.201812190825/tools/compiler/bin/../lib/gcc/arm-none-eabi/7.3.1/../../../../arm-none-eabi/lib/thumb/v7-m\libc.a(lib_a-__call_atexit.o) (atexit)
c:/ac6/systemworkbench/plugins/fr.ac6.mcu.externaltools.arm-none.win32_1.17.0.201812190825/tools/compiler/bin/../lib/gcc/arm-none-eabi/7.3.1/../../../../arm-none-eabi/lib/thumb/v7-m\libc.a(lib_a-fini.o)
                              c:/ac6/systemworkbench/plugins/fr.ac6.mcu.externaltools.arm-none.win32_1.17.0.201812190825/tools/compiler/bin/../lib/gcc/arm-none-eabi/7.3.1/../../../../arm-none-eabi/lib/thumb/v7-m\libc.a(lib_a-__call_atexit.o) (__libc_fini_array)
c:/ac6/systemworkbench/plugins/fr.ac6.mcu.externaltools.arm-none.win32_1.17.0.201812190825/tools/compiler/bin/../lib/gcc/arm-none-eabi/7.3.1/../../../../arm-none-eabi/lib/thumb/v7-m\libc.a(lib_a-lock.o)
                              c:/ac6/systemworkbench/plugins/fr.ac6.mcu.externaltools.arm-none.win32_1.17.0.201812190825/tools/compiler/bin/../lib/gcc/arm-none-eabi/7.3.1/../../../../arm-none-eabi/lib/thumb/v7-m\libc.a(lib_a-__call_atexit.o) (__retarget_lock_acquire_recursive)
c:/ac6/systemworkbench/plugins/fr.ac6.mcu.externaltools.arm-none.win32_1.17.0.201812190825/tools/compiler/bin/../lib/gcc/arm-none-eabi/7.3.1/../../../../arm-none-eabi/lib/thumb/v7-m\libc.a(lib_a-__atexit.o)
                              c:/ac6/systemworkbench/plugins/fr.ac6.mcu.externaltools.arm-none.win32_1.17.0.201812190825/tools/compiler/bin/../lib/gcc/arm-none-eabi/7.3.1/../../../../arm-none-eabi/lib/thumb/v7-m\libc.a(lib_a-atexit.o) (__register_exitproc)

Allocating common symbols
[...]
Memory Configuration

Name             Origin             Length             Attributes
RAM              0x20000000         0x00005000         xrw
ROM              0x08000000         0x00020000         xr
*default*        0x00000000         0xffffffff

Linker script and memory map

LOAD c:/ac6/systemworkbench/plugins/fr.ac6.mcu.externaltools.arm-none.win32_1.17.0.201812190825/tools/compiler/bin/../lib/gcc/arm-none-eabi/7.3.1/thumb/v7-m/crti.o
LOAD c:/ac6/systemworkbench/plugins/fr.ac6.mcu.externaltools.arm-none.win32_1.17.0.201812190825/tools/compiler/bin/../lib/gcc/arm-none-eabi/7.3.1/thumb/v7-m/crtbegin.o
LOAD c:/ac6/systemworkbench/plugins/fr.ac6.mcu.externaltools.arm-none.win32_1.17.0.201812190825/tools/compiler/bin/../lib/gcc/arm-none-eabi/7.3.1/../../../../arm-none-eabi/lib/thumb/v7-m/crt0.o
LOAD HAL_Driver/Src/stm32f1xx_hal.o
LOAD HAL_Driver/Src/stm32f1xx_hal_adc.o
LOAD HAL_Driver/Src/stm32f1xx_hal_adc_ex.o
LOAD HAL_Driver/Src/stm32f1xx_hal_cec.o
LOAD HAL_Driver/Src/stm32f1xx_hal_cortex.o
LOAD HAL_Driver/Src/stm32f1xx_hal_crc.o
LOAD HAL_Driver/Src/stm32f1xx_hal_dac.o
LOAD HAL_Driver/Src/stm32f1xx_hal_dac_ex.o
LOAD HAL_Driver/Src/stm32f1xx_hal_dma.o
LOAD HAL_Driver/Src/stm32f1xx_hal_eth.o
LOAD HAL_Driver/Src/stm32f1xx_hal_flash.o
LOAD HAL_Driver/Src/stm32f1xx_hal_flash_ex.o
LOAD HAL_Driver/Src/stm32f1xx_hal_gpio.o
LOAD HAL_Driver/Src/stm32f1xx_hal_gpio_ex.o
LOAD HAL_Driver/Src/stm32f1xx_hal_hcd.o
LOAD HAL_Driver/Src/stm32f1xx_hal_i2c.o
LOAD HAL_Driver/Src/stm32f1xx_hal_i2s.o
LOAD HAL_Driver/Src/stm32f1xx_hal_irda.o
LOAD HAL_Driver/Src/stm32f1xx_hal_iwdg.o
LOAD HAL_Driver/Src/stm32f1xx_hal_mmc.o
LOAD HAL_Driver/Src/stm32f1xx_hal_msp_template.o
LOAD HAL_Driver/Src/stm32f1xx_hal_nand.o
LOAD HAL_Driver/Src/stm32f1xx_hal_nor.o
LOAD HAL_Driver/Src/stm32f1xx_hal_pccard.o
LOAD HAL_Driver/Src/stm32f1xx_hal_pcd.o
LOAD HAL_Driver/Src/stm32f1xx_hal_pcd_ex.o
LOAD HAL_Driver/Src/stm32f1xx_hal_pwr.o
LOAD HAL_Driver/Src/stm32f1xx_hal_rcc.o
LOAD HAL_Driver/Src/stm32f1xx_hal_rcc_ex.o
LOAD HAL_Driver/Src/stm32f1xx_hal_rtc.o
LOAD HAL_Driver/Src/stm32f1xx_hal_rtc_ex.o
LOAD HAL_Driver/Src/stm32f1xx_hal_sd.o
LOAD HAL_Driver/Src/stm32f1xx_hal_smartcard.o
LOAD HAL_Driver/Src/stm32f1xx_hal_spi.o
LOAD HAL_Driver/Src/stm32f1xx_hal_spi_ex.o
LOAD HAL_Driver/Src/stm32f1xx_hal_sram.o
LOAD HAL_Driver/Src/stm32f1xx_hal_tim.o
LOAD HAL_Driver/Src/stm32f1xx_hal_tim_ex.o
LOAD HAL_Driver/Src/stm32f1xx_hal_uart.o
LOAD HAL_Driver/Src/stm32f1xx_hal_usart.o
LOAD HAL_Driver/Src/stm32f1xx_hal_wwdg.o
LOAD HAL_Driver/Src/stm32f1xx_ll_adc.o
LOAD HAL_Driver/Src/stm32f1xx_ll_crc.o
LOAD HAL_Driver/Src/stm32f1xx_ll_dac.o
LOAD HAL_Driver/Src/stm32f1xx_ll_dma.o
LOAD HAL_Driver/Src/stm32f1xx_ll_exti.o
LOAD HAL_Driver/Src/stm32f1xx_ll_fsmc.o
LOAD HAL_Driver/Src/stm32f1xx_ll_gpio.o
LOAD HAL_Driver/Src/stm32f1xx_ll_i2c.o
LOAD HAL_Driver/Src/stm32f1xx_ll_pwr.o
LOAD HAL_Driver/Src/stm32f1xx_ll_rcc.o
LOAD HAL_Driver/Src/stm32f1xx_ll_rtc.o
LOAD HAL_Driver/Src/stm32f1xx_ll_sdmmc.o
LOAD HAL_Driver/Src/stm32f1xx_ll_spi.o
LOAD HAL_Driver/Src/stm32f1xx_ll_tim.o
LOAD HAL_Driver/Src/stm32f1xx_ll_usart.o
LOAD HAL_Driver/Src/stm32f1xx_ll_usb.o
LOAD HAL_Driver/Src/stm32f1xx_ll_utils.o
LOAD Middlewares/Third_Party/FreeRTOS/Source/CMSIS_RTOS/cmsis_os.o
LOAD Middlewares/Third_Party/FreeRTOS/Source/croutine.o
LOAD Middlewares/Third_Party/FreeRTOS/Source/event_groups.o
LOAD Middlewares/Third_Party/FreeRTOS/Source/list.o
LOAD Middlewares/Third_Party/FreeRTOS/Source/queue.o
LOAD Middlewares/Third_Party/FreeRTOS/Source/tasks.o
LOAD Middlewares/Third_Party/FreeRTOS/Source/timers.o
LOAD Middlewares/Third_Party/FreeRTOS/Source/portable/GCC/ARM_CM3/port.o
LOAD Middlewares/Third_Party/FreeRTOS/Source/portable/MemMang/heap_4.o
LOAD src/ledDebBoard.o
LOAD src/mQueue.o
LOAD src/main.o
LOAD src/stm32f1xx_it.o
LOAD src/syscalls.o
LOAD src/system_stm32f1xx.o
LOAD src/uart.o
LOAD startup/startup_stm32.o
LOAD c:/ac6/systemworkbench/plugins/fr.ac6.mcu.externaltools.arm-none.win32_1.17.0.201812190825/tools/compiler/bin/../lib/gcc/arm-none-eabi/7.3.1/../../../../arm-none-eabi/lib/thumb/v7-m\libm.a
START GROUP
LOAD c:/ac6/systemworkbench/plugins/fr.ac6.mcu.externaltools.arm-none.win32_1.17.0.201812190825/tools/compiler/bin/../lib/gcc/arm-none-eabi/7.3.1/thumb/v7-m\libgcc.a
LOAD c:/ac6/systemworkbench/plugins/fr.ac6.mcu.externaltools.arm-none.win32_1.17.0.201812190825/tools/compiler/bin/../lib/gcc/arm-none-eabi/7.3.1/../../../../arm-none-eabi/lib/thumb/v7-m\libc.a
END GROUP
LOAD c:/ac6/systemworkbench/plugins/fr.ac6.mcu.externaltools.arm-none.win32_1.17.0.201812190825/tools/compiler/bin/../lib/gcc/arm-none-eabi/7.3.1/thumb/v7-m/crtend.o
LOAD c:/ac6/systemworkbench/plugins/fr.ac6.mcu.externaltools.arm-none.win32_1.17.0.201812190825/tools/compiler/bin/../lib/gcc/arm-none-eabi/7.3.1/thumb/v7-m/crtn.o
                0x20005000                _estack = 0x20005000
                0x00000000                _Min_Heap_Size = 0x0
                0x00000400                _Min_Stack_Size = 0x400

.isr_vector     0x08000000      0x130
                0x08000000                . = ALIGN (0x4)
 *(.isr_vector)
 .isr_vector    0x08000000      0x130 startup/startup_stm32.o
                0x08000000                g_pfnVectors
                0x08000130                . = ALIGN (0x4)

.text           0x08000130     0x2930
                0x08000130                . = ALIGN (0x4)
 *(.text)
 .text          0x08000130       0x40 c:/ac6/systemworkbench/plugins/fr.ac6.mcu.externaltools.arm-none.win32_1.17.0.201812190825/tools/compiler/bin/../lib/gcc/arm-none-eabi/7.3.1/thumb/v7-m/crtbegin.o
 .text          0x08000170       0xec c:/ac6/systemworkbench/plugins/fr.ac6.mcu.externaltools.arm-none.win32_1.17.0.201812190825/tools/compiler/bin/../lib/gcc/arm-none-eabi/7.3.1/../../../../arm-none-eabi/lib/thumb/v7-m\libc.a(lib_a-memcpy.o)
                0x08000170                memcpy
 *(.text*)
 .text.HAL_IncTick
                0x0800025c       0x24 HAL_Driver/Src/stm32f1xx_hal.o
                0x0800025c                HAL_IncTick
 .text.HAL_SYSTICK_IRQHandler
                0x08000280        0xc HAL_Driver/Src/stm32f1xx_hal_cortex.o
                0x08000280                HAL_SYSTICK_IRQHandler
 .text.HAL_SYSTICK_Callback
                0x0800028c        0xc HAL_Driver/Src/stm32f1xx_hal_cortex.o
                0x0800028c                HAL_SYSTICK_Callback
 .text.osSystickHandler
                0x08000298       0x16 Middlewares/Third_Party/FreeRTOS/Source/CMSIS_RTOS/cmsis_os.o
                0x08000298                osSystickHandler
 .text.vListInitialise
                0x080002ae       0x3e Middlewares/Third_Party/FreeRTOS/Source/list.o
                0x080002ae                vListInitialise
 .text.vListInitialiseItem
                0x080002ec       0x18 Middlewares/Third_Party/FreeRTOS/Source/list.o
                0x080002ec                vListInitialiseItem
 .text.vListInsertEnd
                0x08000304       0x46 Middlewares/Third_Party/FreeRTOS/Source/list.o
                0x08000304                vListInsertEnd
 .text.vListInsert
                0x0800034a       0x70 Middlewares/Third_Party/FreeRTOS/Source/list.o
                0x0800034a                vListInsert
 .text.uxListRemove
                0x080003ba       0x52 Middlewares/Third_Party/FreeRTOS/Source/list.o
                0x080003ba                uxListRemove
 .text.xQueueGenericReset
                0x0800040c       0xd0 Middlewares/Third_Party/FreeRTOS/Source/queue.o
                0x0800040c                xQueueGenericReset
 .text.xQueueGenericCreate
                0x080004dc       0x72 Middlewares/Third_Party/FreeRTOS/Source/queue.o
                0x080004dc                xQueueGenericCreate
 .text.prvInitialiseNewQueue
                0x0800054e       0x46 Middlewares/Third_Party/FreeRTOS/Source/queue.o
 .text.prvInitialiseMutex
                0x08000594       0x34 Middlewares/Third_Party/FreeRTOS/Source/queue.o
 .text.xQueueCreateMutex
                0x080005c8       0x30 Middlewares/Third_Party/FreeRTOS/Source/queue.o
                0x080005c8                xQueueCreateMutex
 .text.xQueueGenericSend
                0x080005f8      0x1f4 Middlewares/Third_Party/FreeRTOS/Source/queue.o
                0x080005f8                xQueueGenericSend
 .text.xQueueGenericReceive
                0x080007ec      0x224 Middlewares/Third_Party/FreeRTOS/Source/queue.o
                0x080007ec                xQueueGenericReceive
 .text.prvCopyDataToQueue
                0x08000a10       0xd4 Middlewares/Third_Party/FreeRTOS/Source/queue.o
 .text.prvCopyDataFromQueue
                0x08000ae4       0x4c Middlewares/Third_Party/FreeRTOS/Source/queue.o
 .text.prvUnlockQueue
                0x08000b30       0xa4 Middlewares/Third_Party/FreeRTOS/Source/queue.o
 .text.prvIsQueueEmpty
                0x08000bd4       0x2c Middlewares/Third_Party/FreeRTOS/Source/queue.o
 .text.prvIsQueueFull
                0x08000c00       0x30 Middlewares/Third_Party/FreeRTOS/Source/queue.o
 .text.xTaskCreate
                0x08000c30       0x82 Middlewares/Third_Party/FreeRTOS/Source/tasks.o
                0x08000c30                xTaskCreate
 .text.prvInitialiseNewTask
                0x08000cb2      0x10c Middlewares/Third_Party/FreeRTOS/Source/tasks.o
 *fill*         0x08000dbe        0x2 
 .text.prvAddNewTaskToReadyList
                0x08000dc0       0xdc Middlewares/Third_Party/FreeRTOS/Source/tasks.o
 .text.vTaskDelay
                0x08000e9c       0x68 Middlewares/Third_Party/FreeRTOS/Source/tasks.o
                0x08000e9c                vTaskDelay
 .text.vTaskStartScheduler
                0x08000f04       0x8c Middlewares/Third_Party/FreeRTOS/Source/tasks.o
                0x08000f04                vTaskStartScheduler
 .text.vTaskSuspendAll
                0x08000f90       0x1c Middlewares/Third_Party/FreeRTOS/Source/tasks.o
                0x08000f90                vTaskSuspendAll
 .text.xTaskResumeAll
                0x08000fac      0x138 Middlewares/Third_Party/FreeRTOS/Source/tasks.o
                0x08000fac                xTaskResumeAll
 .text.xTaskIncrementTick
                0x080010e4      0x178 Middlewares/Third_Party/FreeRTOS/Source/tasks.o
                0x080010e4                xTaskIncrementTick
 .text.vTaskSwitchContext
                0x0800125c       0xb4 Middlewares/Third_Party/FreeRTOS/Source/tasks.o
                0x0800125c                vTaskSwitchContext
 .text.vTaskPlaceOnEventList
                0x08001310       0x48 Middlewares/Third_Party/FreeRTOS/Source/tasks.o
                0x08001310                vTaskPlaceOnEventList
 .text.xTaskRemoveFromEventList
                0x08001358       0xc4 Middlewares/Third_Party/FreeRTOS/Source/tasks.o
                0x08001358                xTaskRemoveFromEventList
 .text.vTaskSetTimeOutState
                0x0800141c       0x44 Middlewares/Third_Party/FreeRTOS/Source/tasks.o
                0x0800141c                vTaskSetTimeOutState
 .text.xTaskCheckForTimeOut
                0x08001460       0xbc Middlewares/Third_Party/FreeRTOS/Source/tasks.o
                0x08001460                xTaskCheckForTimeOut
 .text.vTaskMissedYield
                0x0800151c       0x18 Middlewares/Third_Party/FreeRTOS/Source/tasks.o
                0x0800151c                vTaskMissedYield
 .text.prvIdleTask
                0x08001534       0x30 Middlewares/Third_Party/FreeRTOS/Source/tasks.o
 .text.prvInitialiseTaskLists
                0x08001564       0x80 Middlewares/Third_Party/FreeRTOS/Source/tasks.o
 .text.prvCheckTasksWaitingTermination
                0x080015e4       0x78 Middlewares/Third_Party/FreeRTOS/Source/tasks.o
 .text.prvDeleteTCB
                0x0800165c       0x20 Middlewares/Third_Party/FreeRTOS/Source/tasks.o
 .text.prvResetNextTaskUnblockTime
                0x0800167c       0x48 Middlewares/Third_Party/FreeRTOS/Source/tasks.o
 .text.xTaskGetSchedulerState
                0x080016c4       0x3c Middlewares/Third_Party/FreeRTOS/Source/tasks.o
                0x080016c4                xTaskGetSchedulerState
 .text.vTaskPriorityInherit
                0x08001700       0xec Middlewares/Third_Party/FreeRTOS/Source/tasks.o
                0x08001700                vTaskPriorityInherit
 .text.xTaskPriorityDisinherit
                0x080017ec      0x108 Middlewares/Third_Party/FreeRTOS/Source/tasks.o
                0x080017ec                xTaskPriorityDisinherit
 .text.pvTaskIncrementMutexHeldCount
                0x080018f4       0x28 Middlewares/Third_Party/FreeRTOS/Source/tasks.o
                0x080018f4                pvTaskIncrementMutexHeldCount
 .text.prvAddCurrentTaskToDelayedList
                0x0800191c       0xcc Middlewares/Third_Party/FreeRTOS/Source/tasks.o
 .text.pxPortInitialiseStack
                0x080019e8       0x58 Middlewares/Third_Party/FreeRTOS/Source/portable/GCC/ARM_CM3/port.o
                0x080019e8                pxPortInitialiseStack
 .text.prvTaskExitError
                0x08001a40       0x3c Middlewares/Third_Party/FreeRTOS/Source/portable/GCC/ARM_CM3/port.o
 *fill*         0x08001a7c        0x4 
 .text.SVC_Handler
                0x08001a80       0x28 Middlewares/Third_Party/FreeRTOS/Source/portable/GCC/ARM_CM3/port.o
                0x08001a80                SVC_Handler
 .text.prvPortStartFirstTask
                0x08001aa8       0x20 Middlewares/Third_Party/FreeRTOS/Source/portable/GCC/ARM_CM3/port.o
 .text.xPortStartScheduler
                0x08001ac8       0xbc Middlewares/Third_Party/FreeRTOS/Source/portable/GCC/ARM_CM3/port.o
                0x08001ac8                xPortStartScheduler
 .text.vPortEnterCritical
                0x08001b84       0x5c Middlewares/Third_Party/FreeRTOS/Source/portable/GCC/ARM_CM3/port.o
                0x08001b84                vPortEnterCritical
 .text.vPortExitCritical
                0x08001be0       0x4c Middlewares/Third_Party/FreeRTOS/Source/portable/GCC/ARM_CM3/port.o
                0x08001be0                vPortExitCritical
 *fill*         0x08001c2c        0x4 
 .text.PendSV_Handler
                0x08001c30       0x48 Middlewares/Third_Party/FreeRTOS/Source/portable/GCC/ARM_CM3/port.o
                0x08001c30                PendSV_Handler
 .text.xPortSysTickHandler
                0x08001c78       0x40 Middlewares/Third_Party/FreeRTOS/Source/portable/GCC/ARM_CM3/port.o
                0x08001c78                xPortSysTickHandler
 .text.vPortSetupTimerInterrupt
                0x08001cb8       0x34 Middlewares/Third_Party/FreeRTOS/Source/portable/GCC/ARM_CM3/port.o
                0x08001cb8                vPortSetupTimerInterrupt
 .text.pvPortMalloc
                0x08001cec      0x184 Middlewares/Third_Party/FreeRTOS/Source/portable/MemMang/heap_4.o
                0x08001cec                pvPortMalloc
 .text.vPortFree
                0x08001e70       0xb0 Middlewares/Third_Party/FreeRTOS/Source/portable/MemMang/heap_4.o
                0x08001e70                vPortFree
 .text.prvHeapInit
                0x08001f20       0xc4 Middlewares/Third_Party/FreeRTOS/Source/portable/MemMang/heap_4.o
 .text.prvInsertBlockIntoFreeList
                0x08001fe4       0xb0 Middlewares/Third_Party/FreeRTOS/Source/portable/MemMang/heap_4.o
 .text.initDebLed
                0x08002094       0x88 src/ledDebBoard.o
                0x08002094                initDebLed
 .text.ledBlueDeb
                0x0800211c       0x38 src/ledDebBoard.o
                0x0800211c                ledBlueDeb
 .text.ledGreenDeb
                0x08002154       0x38 src/ledDebBoard.o
                0x08002154                ledGreenDeb
 .text.ledYellowDeb
                0x0800218c       0x38 src/ledDebBoard.o
                0x0800218c                ledYellowDeb
 .text.ledRedDeb
                0x080021c4       0x38 src/ledDebBoard.o
                0x080021c4                ledRedDeb
 .text.next_index_circle
                0x080021fc       0x30 src/mQueue.o
                0x080021fc                next_index_circle
 .text.queue_init
                0x0800222c       0x2a src/mQueue.o
                0x0800222c                queue_init
 .text.queue_put_data
                0x08002256       0x78 src/mQueue.o
                0x08002256                queue_put_data
 .text.queue_get_data
                0x080022ce       0x74 src/mQueue.o
                0x080022ce                queue_get_data
 *fill*         0x08002342        0x2 
 .text.taskLedRedBlink
                0x08002344       0x60 src/main.o
                0x08002344                taskLedRedBlink
 .text.taskLedYellowBlink
                0x080023a4       0x60 src/main.o
                0x080023a4                taskLedYellowBlink
 .text.taskLedGreenBlink
                0x08002404       0x60 src/main.o
                0x08002404                taskLedGreenBlink
 .text.taskLedBlueBlink
                0x08002464       0x60 src/main.o
                0x08002464                taskLedBlueBlink
 .text.main     0x080024c4       0x84 src/main.o
                0x080024c4                main
 .text.SysTick_Handler
                0x08002548       0x14 src/stm32f1xx_it.o
                0x08002548                SysTick_Handler
 .text.SystemInit
                0x0800255c       0x68 src/system_stm32f1xx.o
                0x0800255c                SystemInit
 .text.NVIC_EnableIRQ
                0x080025c4       0x30 src/uart.o
 .text.uartDebInit
                0x080025f4       0xe4 src/uart.o
                0x080025f4                uartDebInit
 .text.uartSendData
                0x080026d8       0x70 src/uart.o
                0x080026d8                uartSendData
 .text.USART1_IRQHandler
                0x08002748       0x78 src/uart.o
                0x08002748                USART1_IRQHandler
 .text.Reset_Handler
                0x080027c0       0x50 startup/startup_stm32.o
                0x080027c0                Reset_Handler
 .text.Default_Handler
                0x08002810        0x2 startup/startup_stm32.o
                0x08002810                EXTI2_IRQHandler
                0x08002810                TIM8_TRG_COM_IRQHandler
                0x08002810                TIM8_CC_IRQHandler
                0x08002810                DebugMon_Handler
                0x08002810                TIM1_CC_IRQHandler
                0x08002810                HardFault_Handler
                0x08002810                TIM6_IRQHandler
                0x08002810                PVD_IRQHandler
                0x08002810                SDIO_IRQHandler
                0x08002810                NMI_Handler
                0x08002810                EXTI3_IRQHandler
                0x08002810                USB_HP_CAN_TX_IRQHandler
                0x08002810                EXTI0_IRQHandler
                0x08002810                I2C2_EV_IRQHandler
                0x08002810                UsageFault_Handler
                0x08002810                ADC1_2_IRQHandler
                0x08002810                SPI1_IRQHandler
                0x08002810                CAN_SCE_IRQHandler
                0x08002810                TAMPER_IRQHandler
                0x08002810                TIM8_UP_IRQHandler
                0x08002810                DMA2_Channel2_IRQHandler
                0x08002810                DMA1_Channel4_IRQHandler
                0x08002810                USART3_IRQHandler
                0x08002810                RTC_IRQHandler
                0x08002810                DMA1_Channel7_IRQHandler
                0x08002810                UART5_IRQHandler
                0x08002810                ADC3_IRQHandler
                0x08002810                TIM4_IRQHandler
                0x08002810                CAN_RX1_IRQHandler
                0x08002810                DMA2_Channel1_IRQHandler
                0x08002810                I2C1_EV_IRQHandler
                0x08002810                DMA1_Channel6_IRQHandler
                0x08002810                UART4_IRQHandler
                0x08002810                TIM3_IRQHandler
                0x08002810                RCC_IRQHandler
                0x08002810                TIM1_TRG_COM_IRQHandler
                0x08002810                DMA1_Channel1_IRQHandler
                0x08002810                Default_Handler
                0x08002810                EXTI15_10_IRQHandler
                0x08002810                TIM7_IRQHandler
                0x08002810                TIM5_IRQHandler
                0x08002810                EXTI9_5_IRQHandler
                0x08002810                SPI2_IRQHandler
                0x08002810                USB_LP_CAN_RX0_IRQHandler
                0x08002810                MemManage_Handler
                0x08002810                DMA1_Channel5_IRQHandler
                0x08002810                EXTI4_IRQHandler
                0x08002810                DMA1_Channel3_IRQHandler
                0x08002810                FSMC_IRQHandler
                0x08002810                TIM1_UP_IRQHandler
                0x08002810                WWDG_IRQHandler
                0x08002810                TIM2_IRQHandler
                0x08002810                TIM1_BRK_IRQHandler
                0x08002810                EXTI1_IRQHandler
                0x08002810                RTCAlarm_IRQHandler
                0x08002810                DMA2_Channel4_5_IRQHandler
                0x08002810                USART2_IRQHandler
                0x08002810                I2C2_ER_IRQHandler
                0x08002810                DMA1_Channel2_IRQHandler
                0x08002810                TIM8_BRK_IRQHandler
                0x08002810                FLASH_IRQHandler
                0x08002810                BusFault_Handler
                0x08002810                SPI3_IRQHandler
                0x08002810                I2C1_ER_IRQHandler
                0x08002810                DMA2_Channel3_IRQHandler
 *fill*         0x08002812        0x2 
 .text.__libc_init_array
                0x08002814       0x48 c:/ac6/systemworkbench/plugins/fr.ac6.mcu.externaltools.arm-none.win32_1.17.0.201812190825/tools/compiler/bin/../lib/gcc/arm-none-eabi/7.3.1/../../../../arm-none-eabi/lib/thumb/v7-m\libc.a(lib_a-init.o)
                0x08002814                __libc_init_array
 .text.memset   0x0800285c       0x94 c:/ac6/systemworkbench/plugins/fr.ac6.mcu.externaltools.arm-none.win32_1.17.0.201812190825/tools/compiler/bin/../lib/gcc/arm-none-eabi/7.3.1/../../../../arm-none-eabi/lib/thumb/v7-m\libc.a(lib_a-memset.o)
                0x0800285c                memset
 .text.rand     0x080028f0       0x3c c:/ac6/systemworkbench/plugins/fr.ac6.mcu.externaltools.arm-none.win32_1.17.0.201812190825/tools/compiler/bin/../lib/gcc/arm-none-eabi/7.3.1/../../../../arm-none-eabi/lib/thumb/v7-m\libc.a(lib_a-rand.o)
                0x080028f0                rand
 .text.startup.register_fini
                0x0800292c       0x14 c:/ac6/systemworkbench/plugins/fr.ac6.mcu.externaltools.arm-none.win32_1.17.0.201812190825/tools/compiler/bin/../lib/gcc/arm-none-eabi/7.3.1/../../../../arm-none-eabi/lib/thumb/v7-m\libc.a(lib_a-__call_atexit.o)
 .text.atexit   0x08002940        0xc c:/ac6/systemworkbench/plugins/fr.ac6.mcu.externaltools.arm-none.win32_1.17.0.201812190825/tools/compiler/bin/../lib/gcc/arm-none-eabi/7.3.1/../../../../arm-none-eabi/lib/thumb/v7-m\libc.a(lib_a-atexit.o)
                0x08002940                atexit
 .text.__libc_fini_array
                0x0800294c       0x34 c:/ac6/systemworkbench/plugins/fr.ac6.mcu.externaltools.arm-none.win32_1.17.0.201812190825/tools/compiler/bin/../lib/gcc/arm-none-eabi/7.3.1/../../../../arm-none-eabi/lib/thumb/v7-m\libc.a(lib_a-fini.o)
                0x0800294c                __libc_fini_array
 .text.__retarget_lock_acquire_recursive
                0x08002980        0x4 c:/ac6/systemworkbench/plugins/fr.ac6.mcu.externaltools.arm-none.win32_1.17.0.201812190825/tools/compiler/bin/../lib/gcc/arm-none-eabi/7.3.1/../../../../arm-none-eabi/lib/thumb/v7-m\libc.a(lib_a-lock.o)
                0x08002980                __retarget_lock_acquire_recursive
 .text.__retarget_lock_release_recursive
                0x08002984        0x4 c:/ac6/systemworkbench/plugins/fr.ac6.mcu.externaltools.arm-none.win32_1.17.0.201812190825/tools/compiler/bin/../lib/gcc/arm-none-eabi/7.3.1/../../../../arm-none-eabi/lib/thumb/v7-m\libc.a(lib_a-lock.o)
                0x08002984                __retarget_lock_release_recursive
 .text.__register_exitproc
                0x08002988       0xc0 c:/ac6/systemworkbench/plugins/fr.ac6.mcu.externaltools.arm-none.win32_1.17.0.201812190825/tools/compiler/bin/../lib/gcc/arm-none-eabi/7.3.1/../../../../arm-none-eabi/lib/thumb/v7-m\libc.a(lib_a-__atexit.o)
                0x08002988                __register_exitproc
 *(.glue_7)
 .glue_7        0x08002a48        0x0 linker stubs
 *(.glue_7t)
 .glue_7t       0x08002a48        0x0 linker stubs
 *(.eh_frame)
 .eh_frame      0x08002a48        0x0 c:/ac6/systemworkbench/plugins/fr.ac6.mcu.externaltools.arm-none.win32_1.17.0.201812190825/tools/compiler/bin/../lib/gcc/arm-none-eabi/7.3.1/thumb/v7-m/crtbegin.o
 *(.init)
 .init          0x08002a48        0x4 c:/ac6/systemworkbench/plugins/fr.ac6.mcu.externaltools.arm-none.win32_1.17.0.201812190825/tools/compiler/bin/../lib/gcc/arm-none-eabi/7.3.1/thumb/v7-m/crti.o
                0x08002a48                _init
 .init          0x08002a4c        0x8 c:/ac6/systemworkbench/plugins/fr.ac6.mcu.externaltools.arm-none.win32_1.17.0.201812190825/tools/compiler/bin/../lib/gcc/arm-none-eabi/7.3.1/thumb/v7-m/crtn.o
 *(.fini)
 .fini          0x08002a54        0x4 c:/ac6/systemworkbench/plugins/fr.ac6.mcu.externaltools.arm-none.win32_1.17.0.201812190825/tools/compiler/bin/../lib/gcc/arm-none-eabi/7.3.1/thumb/v7-m/crti.o
                0x08002a54                _fini
 .fini          0x08002a58        0x8 c:/ac6/systemworkbench/plugins/fr.ac6.mcu.externaltools.arm-none.win32_1.17.0.201812190825/tools/compiler/bin/../lib/gcc/arm-none-eabi/7.3.1/thumb/v7-m/crtn.o
                0x08002a60                . = ALIGN (0x4)
                0x08002a60                _etext = .

.vfp11_veneer   0x08002a60        0x0
 .vfp11_veneer  0x08002a60        0x0 linker stubs

.v4_bx          0x08002a60        0x0
 .v4_bx         0x08002a60        0x0 linker stubs

.iplt           0x08002a60        0x0
 .iplt          0x08002a60        0x0 c:/ac6/systemworkbench/plugins/fr.ac6.mcu.externaltools.arm-none.win32_1.17.0.201812190825/tools/compiler/bin/../lib/gcc/arm-none-eabi/7.3.1/thumb/v7-m/crtbegin.o

.rodata         0x08002a60       0x70
                0x08002a60                . = ALIGN (0x4)
 *(.rodata)
 .rodata        0x08002a60        0x5 Middlewares/Third_Party/FreeRTOS/Source/tasks.o
 *fill*         0x08002a65        0x3 
 .rodata        0x08002a68       0x64 src/main.o
 *(.rodata*)
 .rodata._global_impure_ptr
                0x08002acc        0x4 c:/ac6/systemworkbench/plugins/fr.ac6.mcu.externaltools.arm-none.win32_1.17.0.201812190825/tools/compiler/bin/../lib/gcc/arm-none-eabi/7.3.1/../../../../arm-none-eabi/lib/thumb/v7-m\libc.a(lib_a-impure.o)
                0x08002acc                _global_impure_ptr
                0x08002ad0                . = ALIGN (0x4)

.rel.dyn        0x08002ad0        0x0
 .rel.iplt      0x08002ad0        0x0 c:/ac6/systemworkbench/plugins/fr.ac6.mcu.externaltools.arm-none.win32_1.17.0.201812190825/tools/compiler/bin/../lib/gcc/arm-none-eabi/7.3.1/thumb/v7-m/crtbegin.o

.ARM.extab      0x08002ad0        0x0
                0x08002ad0                . = ALIGN (0x4)
 *(.ARM.extab* .gnu.linkonce.armextab.*)
                0x08002ad0                . = ALIGN (0x4)

.ARM            0x08002ad0        0x0
                0x08002ad0                . = ALIGN (0x4)
                0x08002ad0                __exidx_start = .
 *(.ARM.exidx*)
                0x08002ad0                __exidx_end = .
                0x08002ad0                . = ALIGN (0x4)

.preinit_array  0x08002ad0        0x0
                0x08002ad0                . = ALIGN (0x4)
                0x08002ad0                PROVIDE (__preinit_array_start = .)
 *(.preinit_array*)
                0x08002ad0                PROVIDE (__preinit_array_end = .)
                0x08002ad0                . = ALIGN (0x4)

.init_array     0x08002ad0        0x8
                0x08002ad0                . = ALIGN (0x4)
                0x08002ad0                PROVIDE (__init_array_start = .)
 *(SORT_BY_NAME(.init_array.*))
 .init_array.00000
                0x08002ad0        0x4 c:/ac6/systemworkbench/plugins/fr.ac6.mcu.externaltools.arm-none.win32_1.17.0.201812190825/tools/compiler/bin/../lib/gcc/arm-none-eabi/7.3.1/../../../../arm-none-eabi/lib/thumb/v7-m\libc.a(lib_a-__call_atexit.o)
 *(.init_array*)
 .init_array    0x08002ad4        0x4 c:/ac6/systemworkbench/plugins/fr.ac6.mcu.externaltools.arm-none.win32_1.17.0.201812190825/tools/compiler/bin/../lib/gcc/arm-none-eabi/7.3.1/thumb/v7-m/crtbegin.o
                0x08002ad8                PROVIDE (__init_array_end = .)
                0x08002ad8                . = ALIGN (0x4)

.fini_array     0x08002ad8        0x4
                0x08002ad8                . = ALIGN (0x4)
                0x08002ad8                PROVIDE (__fini_array_start = .)
 *(SORT_BY_NAME(.fini_array.*))
 *(.fini_array*)
 .fini_array    0x08002ad8        0x4 c:/ac6/systemworkbench/plugins/fr.ac6.mcu.externaltools.arm-none.win32_1.17.0.201812190825/tools/compiler/bin/../lib/gcc/arm-none-eabi/7.3.1/thumb/v7-m/crtbegin.o
                0x08002adc                PROVIDE (__fini_array_end = .)
                0x08002adc                . = ALIGN (0x4)
                0x08002adc                _sidata = LOADADDR (.data)

.data           0x20000000      0x444 load address 0x08002adc
                0x20000000                . = ALIGN (0x4)
                0x20000000                _sdata = .
 *(.data)
 .data          0x20000000        0x5 HAL_Driver/Src/stm32f1xx_hal.o
                0x20000000                uwTickPrio
                0x20000004                uwTickFreq
 *fill*         0x20000005        0x3 
 .data          0x20000008        0x4 Middlewares/Third_Party/FreeRTOS/Source/portable/GCC/ARM_CM3/port.o
 .data          0x2000000c        0x4 src/system_stm32f1xx.o
                0x2000000c                SystemCoreClock
 *(.data*)
 .data._impure_ptr
                0x20000010        0x4 c:/ac6/systemworkbench/plugins/fr.ac6.mcu.externaltools.arm-none.win32_1.17.0.201812190825/tools/compiler/bin/../lib/gcc/arm-none-eabi/7.3.1/../../../../arm-none-eabi/lib/thumb/v7-m\libc.a(lib_a-impure.o)
                0x20000010                _impure_ptr
 *fill*         0x20000014        0x4 
 .data.impure_data
                0x20000018      0x428 c:/ac6/systemworkbench/plugins/fr.ac6.mcu.externaltools.arm-none.win32_1.17.0.201812190825/tools/compiler/bin/../lib/gcc/arm-none-eabi/7.3.1/../../../../arm-none-eabi/lib/thumb/v7-m\libc.a(lib_a-impure.o)
 .data.__atexit_recursive_mutex
                0x20000440        0x4 c:/ac6/systemworkbench/plugins/fr.ac6.mcu.externaltools.arm-none.win32_1.17.0.201812190825/tools/compiler/bin/../lib/gcc/arm-none-eabi/7.3.1/../../../../arm-none-eabi/lib/thumb/v7-m\libc.a(lib_a-__call_atexit.o)
                0x20000440                __atexit_recursive_mutex
                0x20000444                . = ALIGN (0x4)
                0x20000444                _edata = .

.igot.plt       0x20000444        0x0 load address 0x08002f20
 .igot.plt      0x20000444        0x0 c:/ac6/systemworkbench/plugins/fr.ac6.mcu.externaltools.arm-none.win32_1.17.0.201812190825/tools/compiler/bin/../lib/gcc/arm-none-eabi/7.3.1/thumb/v7-m/crtbegin.o
                0x20000444                . = ALIGN (0x4)

.bss            0x20000444     0x13a8 load address 0x08002f20
                0x20000444                _sbss = .
                0x20000444                __bss_start__ = _sbss
 *(.bss)
 .bss           0x20000444       0x1c c:/ac6/systemworkbench/plugins/fr.ac6.mcu.externaltools.arm-none.win32_1.17.0.201812190825/tools/compiler/bin/../lib/gcc/arm-none-eabi/7.3.1/thumb/v7-m/crtbegin.o
 .bss           0x20000460      0x12c Middlewares/Third_Party/FreeRTOS/Source/tasks.o
                0x20000460                pxCurrentTCB
 .bss           0x2000058c        0x8 Middlewares/Third_Party/FreeRTOS/Source/portable/GCC/ARM_CM3/port.o
 .bss           0x20000594     0x1018 Middlewares/Third_Party/FreeRTOS/Source/portable/MemMang/heap_4.o
 .bss           0x200015ac        0x4 src/main.o
 .bss           0x200015b0      0x214 src/uart.o
                0x200017c0                uartResLock_tx
 *(.bss*)
 *(COMMON)
 COMMON         0x200017c4        0x4 HAL_Driver/Src/stm32f1xx_hal.o
                0x200017c4                uwTick
 COMMON         0x200017c8       0x21 c:/ac6/systemworkbench/plugins/fr.ac6.mcu.externaltools.arm-none.win32_1.17.0.201812190825/tools/compiler/bin/../lib/gcc/arm-none-eabi/7.3.1/../../../../arm-none-eabi/lib/thumb/v7-m\libc.a(lib_a-lock.o)
                0x200017c8                __lock___atexit_recursive_mutex
                0x200017cc                __lock___arc4random_mutex
                0x200017d0                __lock___env_recursive_mutex
                0x200017d4                __lock___sinit_recursive_mutex
                0x200017d8                __lock___malloc_recursive_mutex
                0x200017dc                __lock___at_quick_exit_mutex
                0x200017e0                __lock___dd_hash_mutex
                0x200017e4                __lock___tz_mutex
                0x200017e8                __lock___sfp_recursive_mutex
                0x200017ec                . = ALIGN (0x4)
 *fill*         0x200017e9        0x3 
                0x200017ec                _ebss = .
                0x200017ec                __bss_end__ = _ebss

._user_heap_stack
                0x200017ec      0x404 load address 0x08002f20
                0x200017f0                . = ALIGN (0x8)
 *fill*         0x200017ec        0x4 
                0x200017f0                PROVIDE (end = .)
                [!provide]                PROVIDE (_end = .)
                0x200017f0                . = (. + _Min_Heap_Size)
                0x20001bf0                . = (. + _Min_Stack_Size)
 *fill*         0x200017f0      0x400 
                0x20001bf0                . = ALIGN (0x8)

/DISCARD/
 libc.a(*)
 libm.a(*)
 libgcc.a(*)

.ARM.attributes
                0x00000000       0x29
 *(.ARM.attributes)
 .ARM.attributes
                0x00000000       0x1d c:/ac6/systemworkbench/plugins/fr.ac6.mcu.externaltools.arm-none.win32_1.17.0.201812190825/tools/compiler/bin/../lib/gcc/arm-none-eabi/7.3.1/thumb/v7-m/crti.o
 .ARM.attributes
                0x0000001d       0x2d c:/ac6/systemworkbench/plugins/fr.ac6.mcu.externaltools.arm-none.win32_1.17.0.201812190825/tools/compiler/bin/../lib/gcc/arm-none-eabi/7.3.1/thumb/v7-m/crtbegin.o
 .ARM.attributes
                0x0000004a       0x33 HAL_Driver/Src/stm32f1xx_hal.o
 .ARM.attributes
                0x0000007d       0x33 HAL_Driver/Src/stm32f1xx_hal_cortex.o
 .ARM.attributes
                0x000000b0       0x33 Middlewares/Third_Party/FreeRTOS/Source/CMSIS_RTOS/cmsis_os.o
 .ARM.attributes
                0x000000e3       0x33 Middlewares/Third_Party/FreeRTOS/Source/list.o
 .ARM.attributes
                0x00000116       0x33 Middlewares/Third_Party/FreeRTOS/Source/queue.o
 .ARM.attributes
                0x00000149       0x33 Middlewares/Third_Party/FreeRTOS/Source/tasks.o
 .ARM.attributes
                0x0000017c       0x33 Middlewares/Third_Party/FreeRTOS/Source/portable/GCC/ARM_CM3/port.o
 .ARM.attributes
                0x000001af       0x33 Middlewares/Third_Party/FreeRTOS/Source/portable/MemMang/heap_4.o
 .ARM.attributes
                0x000001e2       0x33 src/ledDebBoard.o
 .ARM.attributes
                0x00000215       0x33 src/mQueue.o
 .ARM.attributes
                0x00000248       0x33 src/main.o
 .ARM.attributes
                0x0000027b       0x33 src/stm32f1xx_it.o
 .ARM.attributes
                0x000002ae       0x33 src/system_stm32f1xx.o
 .ARM.attributes
                0x000002e1       0x33 src/uart.o
 .ARM.attributes
                0x00000314       0x21 startup/startup_stm32.o
 .ARM.attributes
                0x00000335       0x2d c:/ac6/systemworkbench/plugins/fr.ac6.mcu.externaltools.arm-none.win32_1.17.0.201812190825/tools/compiler/bin/../lib/gcc/arm-none-eabi/7.3.1/../../../../arm-none-eabi/lib/thumb/v7-m\libc.a(lib_a-impure.o)
 .ARM.attributes
                0x00000362       0x2d c:/ac6/systemworkbench/plugins/fr.ac6.mcu.externaltools.arm-none.win32_1.17.0.201812190825/tools/compiler/bin/../lib/gcc/arm-none-eabi/7.3.1/../../../../arm-none-eabi/lib/thumb/v7-m\libc.a(lib_a-init.o)
 .ARM.attributes
                0x0000038f       0x1b c:/ac6/systemworkbench/plugins/fr.ac6.mcu.externaltools.arm-none.win32_1.17.0.201812190825/tools/compiler/bin/../lib/gcc/arm-none-eabi/7.3.1/../../../../arm-none-eabi/lib/thumb/v7-m\libc.a(lib_a-memcpy.o)
 .ARM.attributes
                0x000003aa       0x2d c:/ac6/systemworkbench/plugins/fr.ac6.mcu.externaltools.arm-none.win32_1.17.0.201812190825/tools/compiler/bin/../lib/gcc/arm-none-eabi/7.3.1/../../../../arm-none-eabi/lib/thumb/v7-m\libc.a(lib_a-memset.o)
 .ARM.attributes
                0x000003d7       0x2d c:/ac6/systemworkbench/plugins/fr.ac6.mcu.externaltools.arm-none.win32_1.17.0.201812190825/tools/compiler/bin/../lib/gcc/arm-none-eabi/7.3.1/../../../../arm-none-eabi/lib/thumb/v7-m\libc.a(lib_a-rand.o)
 .ARM.attributes
                0x00000404       0x2d c:/ac6/systemworkbench/plugins/fr.ac6.mcu.externaltools.arm-none.win32_1.17.0.201812190825/tools/compiler/bin/../lib/gcc/arm-none-eabi/7.3.1/../../../../arm-none-eabi/lib/thumb/v7-m\libc.a(lib_a-__call_atexit.o)
 .ARM.attributes
                0x00000431       0x2d c:/ac6/systemworkbench/plugins/fr.ac6.mcu.externaltools.arm-none.win32_1.17.0.201812190825/tools/compiler/bin/../lib/gcc/arm-none-eabi/7.3.1/../../../../arm-none-eabi/lib/thumb/v7-m\libc.a(lib_a-atexit.o)
 .ARM.attributes
                0x0000045e       0x2d c:/ac6/systemworkbench/plugins/fr.ac6.mcu.externaltools.arm-none.win32_1.17.0.201812190825/tools/compiler/bin/../lib/gcc/arm-none-eabi/7.3.1/../../../../arm-none-eabi/lib/thumb/v7-m\libc.a(lib_a-fini.o)
 .ARM.attributes
                0x0000048b       0x2d c:/ac6/systemworkbench/plugins/fr.ac6.mcu.externaltools.arm-none.win32_1.17.0.201812190825/tools/compiler/bin/../lib/gcc/arm-none-eabi/7.3.1/../../../../arm-none-eabi/lib/thumb/v7-m\libc.a(lib_a-lock.o)
 .ARM.attributes
                0x000004b8       0x2d c:/ac6/systemworkbench/plugins/fr.ac6.mcu.externaltools.arm-none.win32_1.17.0.201812190825/tools/compiler/bin/../lib/gcc/arm-none-eabi/7.3.1/../../../../arm-none-eabi/lib/thumb/v7-m\libc.a(lib_a-__atexit.o)
 .ARM.attributes
                0x000004e5       0x1d c:/ac6/systemworkbench/plugins/fr.ac6.mcu.externaltools.arm-none.win32_1.17.0.201812190825/tools/compiler/bin/../lib/gcc/arm-none-eabi/7.3.1/thumb/v7-m/crtn.o
OUTPUT(smt32f103rbt6_freeRtos_uartDeb.elf elf32-littlearm)

.debug_info     0x00000000     0xdf05
 .debug_info    0x00000000      0xf0a HAL_Driver/Src/stm32f1xx_hal.o
 .debug_info    0x00000f0a     0x1358 HAL_Driver/Src/stm32f1xx_hal_cortex.o
 .debug_info    0x00002262     0x1b20 Middlewares/Third_Party/FreeRTOS/Source/CMSIS_RTOS/cmsis_os.o
 .debug_info    0x00003d82      0xad0 Middlewares/Third_Party/FreeRTOS/Source/list.o
 .debug_info    0x00004852     0x1bd0 Middlewares/Third_Party/FreeRTOS/Source/queue.o
 .debug_info    0x00006422     0x247b Middlewares/Third_Party/FreeRTOS/Source/tasks.o
 .debug_info    0x0000889d      0x4a4 Middlewares/Third_Party/FreeRTOS/Source/portable/GCC/ARM_CM3/port.o
 .debug_info    0x00008d41      0xbfa Middlewares/Third_Party/FreeRTOS/Source/portable/MemMang/heap_4.o
 .debug_info    0x0000993b      0xb31 src/ledDebBoard.o
 .debug_info    0x0000a46c      0xa50 src/mQueue.o
 .debug_info    0x0000aebc      0xb0f src/main.o
 .debug_info    0x0000b9cb      0x994 src/stm32f1xx_it.o
 .debug_info    0x0000c35f      0xc59 src/system_stm32f1xx.o
 .debug_info    0x0000cfb8      0xf2b src/uart.o
 .debug_info    0x0000dee3       0x22 startup/startup_stm32.o

.debug_abbrev   0x00000000     0x2486
 .debug_abbrev  0x00000000      0x2f5 HAL_Driver/Src/stm32f1xx_hal.o
 .debug_abbrev  0x000002f5      0x396 HAL_Driver/Src/stm32f1xx_hal_cortex.o
 .debug_abbrev  0x0000068b      0x3a8 Middlewares/Third_Party/FreeRTOS/Source/CMSIS_RTOS/cmsis_os.o
 .debug_abbrev  0x00000a33      0x1fe Middlewares/Third_Party/FreeRTOS/Source/list.o
 .debug_abbrev  0x00000c31      0x30d Middlewares/Third_Party/FreeRTOS/Source/queue.o
 .debug_abbrev  0x00000f3e      0x3a6 Middlewares/Third_Party/FreeRTOS/Source/tasks.o
 .debug_abbrev  0x000012e4      0x205 Middlewares/Third_Party/FreeRTOS/Source/portable/GCC/ARM_CM3/port.o
 .debug_abbrev  0x000014e9      0x2d4 Middlewares/Third_Party/FreeRTOS/Source/portable/MemMang/heap_4.o
 .debug_abbrev  0x000017bd      0x201 src/ledDebBoard.o
 .debug_abbrev  0x000019be      0x200 src/mQueue.o
 .debug_abbrev  0x00001bbe      0x23e src/main.o
 .debug_abbrev  0x00001dfc      0x1cb src/stm32f1xx_it.o
 .debug_abbrev  0x00001fc7      0x228 src/system_stm32f1xx.o
 .debug_abbrev  0x000021ef      0x285 src/uart.o
 .debug_abbrev  0x00002474       0x12 startup/startup_stm32.o

.debug_aranges  0x00000000      0x8e8
 .debug_aranges
                0x00000000       0xd0 HAL_Driver/Src/stm32f1xx_hal.o
 .debug_aranges
                0x000000d0      0x100 HAL_Driver/Src/stm32f1xx_hal_cortex.o
 .debug_aranges
                0x000001d0      0x1d8 Middlewares/Third_Party/FreeRTOS/Source/CMSIS_RTOS/cmsis_os.o
 .debug_aranges
                0x000003a8       0x40 Middlewares/Third_Party/FreeRTOS/Source/list.o
 .debug_aranges
                0x000003e8      0x110 Middlewares/Third_Party/FreeRTOS/Source/queue.o
 .debug_aranges
                0x000004f8      0x1c8 Middlewares/Third_Party/FreeRTOS/Source/tasks.o
 .debug_aranges
                0x000006c0       0x78 Middlewares/Third_Party/FreeRTOS/Source/portable/GCC/ARM_CM3/port.o
 .debug_aranges
                0x00000738       0x50 Middlewares/Third_Party/FreeRTOS/Source/portable/MemMang/heap_4.o
 .debug_aranges
                0x00000788       0x40 src/ledDebBoard.o
 .debug_aranges
                0x000007c8       0x38 src/mQueue.o
 .debug_aranges
                0x00000800       0x40 src/main.o
 .debug_aranges
                0x00000840       0x20 src/stm32f1xx_it.o
 .debug_aranges
                0x00000860       0x28 src/system_stm32f1xx.o
 .debug_aranges
                0x00000888       0x38 src/uart.o
 .debug_aranges
                0x000008c0       0x28 startup/startup_stm32.o

.debug_ranges   0x00000000      0x800
 .debug_ranges  0x00000000       0xc0 HAL_Driver/Src/stm32f1xx_hal.o
 .debug_ranges  0x000000c0       0xf0 HAL_Driver/Src/stm32f1xx_hal_cortex.o
 .debug_ranges  0x000001b0      0x1c8 Middlewares/Third_Party/FreeRTOS/Source/CMSIS_RTOS/cmsis_os.o
 .debug_ranges  0x00000378       0x30 Middlewares/Third_Party/FreeRTOS/Source/list.o
 .debug_ranges  0x000003a8      0x100 Middlewares/Third_Party/FreeRTOS/Source/queue.o
 .debug_ranges  0x000004a8      0x1b8 Middlewares/Third_Party/FreeRTOS/Source/tasks.o
 .debug_ranges  0x00000660       0x68 Middlewares/Third_Party/FreeRTOS/Source/portable/GCC/ARM_CM3/port.o
 .debug_ranges  0x000006c8       0x40 Middlewares/Third_Party/FreeRTOS/Source/portable/MemMang/heap_4.o
 .debug_ranges  0x00000708       0x30 src/ledDebBoard.o
 .debug_ranges  0x00000738       0x28 src/mQueue.o
 .debug_ranges  0x00000760       0x30 src/main.o
 .debug_ranges  0x00000790       0x10 src/stm32f1xx_it.o
 .debug_ranges  0x000007a0       0x18 src/system_stm32f1xx.o
 .debug_ranges  0x000007b8       0x28 src/uart.o
 .debug_ranges  0x000007e0       0x20 startup/startup_stm32.o

.debug_macro    0x00000000    0x18769
 .debug_macro   0x00000000      0x426 HAL_Driver/Src/stm32f1xx_hal.o
 .debug_macro   0x00000426      0xa72 HAL_Driver/Src/stm32f1xx_hal.o
 .debug_macro   0x00000e98      0x224 HAL_Driver/Src/stm32f1xx_hal.o
 .debug_macro   0x000010bc       0x28 HAL_Driver/Src/stm32f1xx_hal.o
 .debug_macro   0x000010e4       0x22 HAL_Driver/Src/stm32f1xx_hal.o
 .debug_macro   0x00001106       0x22 HAL_Driver/Src/stm32f1xx_hal.o
 .debug_macro   0x00001128       0x8e HAL_Driver/Src/stm32f1xx_hal.o
 .debug_macro   0x000011b6       0x51 HAL_Driver/Src/stm32f1xx_hal.o
 .debug_macro   0x00001207       0xef HAL_Driver/Src/stm32f1xx_hal.o
 .debug_macro   0x000012f6       0x6a HAL_Driver/Src/stm32f1xx_hal.o
 .debug_macro   0x00001360      0x1df HAL_Driver/Src/stm32f1xx_hal.o
 .debug_macro   0x0000153f       0x34 HAL_Driver/Src/stm32f1xx_hal.o
 .debug_macro   0x00001573       0x34 HAL_Driver/Src/stm32f1xx_hal.o
 .debug_macro   0x000015a7      0xb8e HAL_Driver/Src/stm32f1xx_hal.o
 .debug_macro   0x00002135     0xe911 HAL_Driver/Src/stm32f1xx_hal.o
 .debug_macro   0x00010a46       0x43 HAL_Driver/Src/stm32f1xx_hal.o
 .debug_macro   0x00010a89       0x5e HAL_Driver/Src/stm32f1xx_hal.o
 .debug_macro   0x00010ae7       0x18 HAL_Driver/Src/stm32f1xx_hal.o
 .debug_macro   0x00010aff       0x35 HAL_Driver/Src/stm32f1xx_hal.o
 .debug_macro   0x00010b34       0x34 HAL_Driver/Src/stm32f1xx_hal.o
 .debug_macro   0x00010b68       0x16 HAL_Driver/Src/stm32f1xx_hal.o
 .debug_macro   0x00010b7e       0x97 HAL_Driver/Src/stm32f1xx_hal.o
 .debug_macro   0x00010c15      0x330 HAL_Driver/Src/stm32f1xx_hal.o
 .debug_macro   0x00010f45       0xfd HAL_Driver/Src/stm32f1xx_hal.o
 .debug_macro   0x00011042       0x10 HAL_Driver/Src/stm32f1xx_hal.o
 .debug_macro   0x00011052       0x58 HAL_Driver/Src/stm32f1xx_hal.o
 .debug_macro   0x000110aa       0x1f HAL_Driver/Src/stm32f1xx_hal.o
 .debug_macro   0x000110c9       0x43 HAL_Driver/Src/stm32f1xx_hal.o
 .debug_macro   0x0001110c       0x20 HAL_Driver/Src/stm32f1xx_hal.o
 .debug_macro   0x0001112c      0x18e HAL_Driver/Src/stm32f1xx_hal.o
 .debug_macro   0x000112ba       0x10 HAL_Driver/Src/stm32f1xx_hal.o
 .debug_macro   0x000112ca       0x1c HAL_Driver/Src/stm32f1xx_hal.o
 .debug_macro   0x000112e6       0x52 HAL_Driver/Src/stm32f1xx_hal.o
 .debug_macro   0x00011338       0x40 HAL_Driver/Src/stm32f1xx_hal.o
 .debug_macro   0x00011378       0x10 HAL_Driver/Src/stm32f1xx_hal.o
 .debug_macro   0x00011388       0x40 HAL_Driver/Src/stm32f1xx_hal.o
 .debug_macro   0x000113c8       0xd7 HAL_Driver/Src/stm32f1xx_hal.o
 .debug_macro   0x0001149f       0x1c HAL_Driver/Src/stm32f1xx_hal.o
 .debug_macro   0x000114bb       0x3d HAL_Driver/Src/stm32f1xx_hal.o
 .debug_macro   0x000114f8       0x16 HAL_Driver/Src/stm32f1xx_hal.o
 .debug_macro   0x0001150e      0x16f HAL_Driver/Src/stm32f1xx_hal.o
 .debug_macro   0x0001167d       0x57 HAL_Driver/Src/stm32f1xx_hal.o
 .debug_macro   0x000116d4      0x5c2 HAL_Driver/Src/stm32f1xx_hal.o
 .debug_macro   0x00011c96      0x28a HAL_Driver/Src/stm32f1xx_hal.o
 .debug_macro   0x00011f20      0x1cb HAL_Driver/Src/stm32f1xx_hal.o
 .debug_macro   0x000120eb      0x11e HAL_Driver/Src/stm32f1xx_hal.o
 .debug_macro   0x00012209      0x1b3 HAL_Driver/Src/stm32f1xx_hal.o
 .debug_macro   0x000123bc       0x27 HAL_Driver/Src/stm32f1xx_hal.o
 .debug_macro   0x000123e3      0x1bc HAL_Driver/Src/stm32f1xx_hal.o
 .debug_macro   0x0001259f       0x34 HAL_Driver/Src/stm32f1xx_hal.o
 .debug_macro   0x000125d3       0x3c HAL_Driver/Src/stm32f1xx_hal.o
 .debug_macro   0x0001260f      0x408 HAL_Driver/Src/stm32f1xx_hal.o
 .debug_macro   0x00012a17       0x57 HAL_Driver/Src/stm32f1xx_hal.o
 .debug_macro   0x00012a6e      0x46a HAL_Driver/Src/stm32f1xx_hal.o
 .debug_macro   0x00012ed8      0x1b5 HAL_Driver/Src/stm32f1xx_hal.o
 .debug_macro   0x0001308d       0x22 HAL_Driver/Src/stm32f1xx_hal.o
 .debug_macro   0x000130af       0x8c HAL_Driver/Src/stm32f1xx_hal.o
 .debug_macro   0x0001313b      0x242 HAL_Driver/Src/stm32f1xx_hal.o
 .debug_macro   0x0001337d      0x264 HAL_Driver/Src/stm32f1xx_hal.o
 .debug_macro   0x000135e1       0x79 HAL_Driver/Src/stm32f1xx_hal.o
 .debug_macro   0x0001365a      0x143 HAL_Driver/Src/stm32f1xx_hal.o
 .debug_macro   0x0001379d      0x1ef HAL_Driver/Src/stm32f1xx_hal.o
 .debug_macro   0x0001398c       0xf2 HAL_Driver/Src/stm32f1xx_hal.o
 .debug_macro   0x00013a7e      0x1f4 HAL_Driver/Src/stm32f1xx_hal.o
 .debug_macro   0x00013c72      0x853 HAL_Driver/Src/stm32f1xx_hal.o
 .debug_macro   0x000144c5       0x1f HAL_Driver/Src/stm32f1xx_hal.o
 .debug_macro   0x000144e4      0x26b HAL_Driver/Src/stm32f1xx_hal.o
 .debug_macro   0x0001474f      0x217 HAL_Driver/Src/stm32f1xx_hal.o
 .debug_macro   0x00014966      0x1a7 HAL_Driver/Src/stm32f1xx_hal.o
 .debug_macro   0x00014b0d      0x2cd HAL_Driver/Src/stm32f1xx_hal.o
 .debug_macro   0x00014dda       0x89 HAL_Driver/Src/stm32f1xx_hal.o
 .debug_macro   0x00014e63       0x50 HAL_Driver/Src/stm32f1xx_hal.o
 .debug_macro   0x00014eb3      0x26c HAL_Driver/Src/stm32f1xx_hal.o
 .debug_macro   0x0001511f       0x83 HAL_Driver/Src/stm32f1xx_hal.o
 .debug_macro   0x000151a2      0x402 HAL_Driver/Src/stm32f1xx_hal_cortex.o
 .debug_macro   0x000155a4      0x1ef Middlewares/Third_Party/FreeRTOS/Source/CMSIS_RTOS/cmsis_os.o
 .debug_macro   0x00015793       0x58 Middlewares/Third_Party/FreeRTOS/Source/CMSIS_RTOS/cmsis_os.o
 .debug_macro   0x000157eb       0x94 Middlewares/Third_Party/FreeRTOS/Source/CMSIS_RTOS/cmsis_os.o
 .debug_macro   0x0001587f      0x174 Middlewares/Third_Party/FreeRTOS/Source/CMSIS_RTOS/cmsis_os.o
 .debug_macro   0x000159f3       0x57 Middlewares/Third_Party/FreeRTOS/Source/CMSIS_RTOS/cmsis_os.o
 .debug_macro   0x00015a4a       0x10 Middlewares/Third_Party/FreeRTOS/Source/CMSIS_RTOS/cmsis_os.o
 .debug_macro   0x00015a5a       0x35 Middlewares/Third_Party/FreeRTOS/Source/CMSIS_RTOS/cmsis_os.o
 .debug_macro   0x00015a8f      0x113 Middlewares/Third_Party/FreeRTOS/Source/CMSIS_RTOS/cmsis_os.o
 .debug_macro   0x00015ba2      0x168 Middlewares/Third_Party/FreeRTOS/Source/CMSIS_RTOS/cmsis_os.o
 .debug_macro   0x00015d0a       0xeb Middlewares/Third_Party/FreeRTOS/Source/CMSIS_RTOS/cmsis_os.o
 .debug_macro   0x00015df5       0x10 Middlewares/Third_Party/FreeRTOS/Source/CMSIS_RTOS/cmsis_os.o
 .debug_macro   0x00015e05       0x1f Middlewares/Third_Party/FreeRTOS/Source/CMSIS_RTOS/cmsis_os.o
 .debug_macro   0x00015e24      0x3de Middlewares/Third_Party/FreeRTOS/Source/CMSIS_RTOS/cmsis_os.o
 .debug_macro   0x00016202       0xc0 Middlewares/Third_Party/FreeRTOS/Source/CMSIS_RTOS/cmsis_os.o
 .debug_macro   0x000162c2       0x8c Middlewares/Third_Party/FreeRTOS/Source/CMSIS_RTOS/cmsis_os.o
 .debug_macro   0x0001634e       0x91 Middlewares/Third_Party/FreeRTOS/Source/CMSIS_RTOS/cmsis_os.o
 .debug_macro   0x000163df       0x94 Middlewares/Third_Party/FreeRTOS/Source/CMSIS_RTOS/cmsis_os.o
 .debug_macro   0x00016473       0x78 Middlewares/Third_Party/FreeRTOS/Source/CMSIS_RTOS/cmsis_os.o
 .debug_macro   0x000164eb       0xcf Middlewares/Third_Party/FreeRTOS/Source/CMSIS_RTOS/cmsis_os.o
 .debug_macro   0x000165ba       0x26 Middlewares/Third_Party/FreeRTOS/Source/CMSIS_RTOS/cmsis_os.o
 .debug_macro   0x000165e0      0x17b Middlewares/Third_Party/FreeRTOS/Source/list.o
 .debug_macro   0x0001675b      0x201 Middlewares/Third_Party/FreeRTOS/Source/queue.o
 .debug_macro   0x0001695c       0x16 Middlewares/Third_Party/FreeRTOS/Source/queue.o
 .debug_macro   0x00016972      0x264 Middlewares/Third_Party/FreeRTOS/Source/tasks.o
 .debug_macro   0x00016bd6       0x11 Middlewares/Third_Party/FreeRTOS/Source/tasks.o
 .debug_macro   0x00016be7      0x176 Middlewares/Third_Party/FreeRTOS/Source/portable/GCC/ARM_CM3/port.o
 .debug_macro   0x00016d5d      0x1a2 Middlewares/Third_Party/FreeRTOS/Source/portable/MemMang/heap_4.o
 .debug_macro   0x00016eff      0x402 src/ledDebBoard.o
 .debug_macro   0x00017301      0x131 src/mQueue.o
 .debug_macro   0x00017432      0x485 src/main.o
 .debug_macro   0x000178b7       0x1c src/main.o
 .debug_macro   0x000178d3      0x113 src/main.o
 .debug_macro   0x000179e6      0x4c2 src/stm32f1xx_it.o
 .debug_macro   0x00017ea8      0x408 src/system_stm32f1xx.o
 .debug_macro   0x000182b0      0x4b9 src/uart.o

.debug_line     0x00000000     0x8d9e
 .debug_line    0x00000000      0xaf6 HAL_Driver/Src/stm32f1xx_hal.o
 .debug_line    0x00000af6      0xbe4 HAL_Driver/Src/stm32f1xx_hal_cortex.o
 .debug_line    0x000016da      0xbfc Middlewares/Third_Party/FreeRTOS/Source/CMSIS_RTOS/cmsis_os.o
 .debug_line    0x000022d6      0x58d Middlewares/Third_Party/FreeRTOS/Source/list.o
 .debug_line    0x00002863      0xd03 Middlewares/Third_Party/FreeRTOS/Source/queue.o
 .debug_line    0x00003566     0x10db Middlewares/Third_Party/FreeRTOS/Source/tasks.o
 .debug_line    0x00004641      0x651 Middlewares/Third_Party/FreeRTOS/Source/portable/GCC/ARM_CM3/port.o
 .debug_line    0x00004c92      0x671 Middlewares/Third_Party/FreeRTOS/Source/portable/MemMang/heap_4.o
 .debug_line    0x00005303      0x991 src/ledDebBoard.o
 .debug_line    0x00005c94      0x44c src/mQueue.o
 .debug_line    0x000060e0      0xba8 src/main.o
 .debug_line    0x00006c88      0xba2 src/stm32f1xx_it.o
 .debug_line    0x0000782a      0x97e src/system_stm32f1xx.o
 .debug_line    0x000081a8      0xb7a src/uart.o
 .debug_line    0x00008d22       0x7c startup/startup_stm32.o

.debug_str      0x00000000    0x89797
 .debug_str     0x00000000    0x81095 HAL_Driver/Src/stm32f1xx_hal.o
                              0x81432 (size before relaxing)
 .debug_str     0x00081095      0x315 HAL_Driver/Src/stm32f1xx_hal_cortex.o
                              0x81446 (size before relaxing)
 .debug_str     0x000813aa     0x5a77 Middlewares/Third_Party/FreeRTOS/Source/CMSIS_RTOS/cmsis_os.o
                               0xc70c (size before relaxing)
 .debug_str     0x00086e21      0x234 Middlewares/Third_Party/FreeRTOS/Source/list.o
                               0x9caf (size before relaxing)
 .debug_str     0x00087055      0x7ad Middlewares/Third_Party/FreeRTOS/Source/queue.o
                               0xb25b (size before relaxing)
 .debug_str     0x00087802     0x12b6 Middlewares/Third_Party/FreeRTOS/Source/tasks.o
                               0xbe6d (size before relaxing)
 .debug_str     0x00088ab8      0x6fa Middlewares/Third_Party/FreeRTOS/Source/portable/GCC/ARM_CM3/port.o
                               0x7c5e (size before relaxing)
 .debug_str     0x000891b2      0x25a Middlewares/Third_Party/FreeRTOS/Source/portable/MemMang/heap_4.o
                               0xa3d0 (size before relaxing)
 .debug_str     0x0008940c       0x65 src/ledDebBoard.o
                              0x80de2 (size before relaxing)
 .debug_str     0x00089471      0x11a src/mQueue.o
                               0x6c9c (size before relaxing)
 .debug_str     0x0008958b       0xa8 src/main.o
                              0x8372f (size before relaxing)
 .debug_str     0x00089633       0x38 src/stm32f1xx_it.o
                              0x85f7e (size before relaxing)
 .debug_str     0x0008966b       0x69 src/system_stm32f1xx.o
                              0x80e4a (size before relaxing)
 .debug_str     0x000896d4       0x9a src/uart.o
                              0x84a84 (size before relaxing)
 .debug_str     0x0008976e       0x29 startup/startup_stm32.o
                                 0x66 (size before relaxing)

.comment        0x00000000       0x7f
 .comment       0x00000000       0x7f HAL_Driver/Src/stm32f1xx_hal.o
                                 0x80 (size before relaxing)
 .comment       0x0000007f       0x80 HAL_Driver/Src/stm32f1xx_hal_cortex.o
 .comment       0x0000007f       0x80 Middlewares/Third_Party/FreeRTOS/Source/CMSIS_RTOS/cmsis_os.o
 .comment       0x0000007f       0x80 Middlewares/Third_Party/FreeRTOS/Source/list.o
 .comment       0x0000007f       0x80 Middlewares/Third_Party/FreeRTOS/Source/queue.o
 .comment       0x0000007f       0x80 Middlewares/Third_Party/FreeRTOS/Source/tasks.o
 .comment       0x0000007f       0x80 Middlewares/Third_Party/FreeRTOS/Source/portable/GCC/ARM_CM3/port.o
 .comment       0x0000007f       0x80 Middlewares/Third_Party/FreeRTOS/Source/portable/MemMang/heap_4.o
 .comment       0x0000007f       0x80 src/ledDebBoard.o
 .comment       0x0000007f       0x80 src/mQueue.o
 .comment       0x0000007f       0x80 src/main.o
 .comment       0x0000007f       0x80 src/stm32f1xx_it.o
 .comment       0x0000007f       0x80 src/system_stm32f1xx.o
 .comment       0x0000007f       0x80 src/uart.o

.debug_frame    0x00000000     0x2460
 .debug_frame   0x00000000      0x2fc HAL_Driver/Src/stm32f1xx_hal.o
 .debug_frame   0x000002fc      0x428 HAL_Driver/Src/stm32f1xx_hal_cortex.o
 .debug_frame   0x00000724      0x7fc Middlewares/Third_Party/FreeRTOS/Source/CMSIS_RTOS/cmsis_os.o
 .debug_frame   0x00000f20       0xd8 Middlewares/Third_Party/FreeRTOS/Source/list.o
 .debug_frame   0x00000ff8      0x49c Middlewares/Third_Party/FreeRTOS/Source/queue.o
 .debug_frame   0x00001494      0x7c4 Middlewares/Third_Party/FreeRTOS/Source/tasks.o
 .debug_frame   0x00001c58      0x18c Middlewares/Third_Party/FreeRTOS/Source/portable/GCC/ARM_CM3/port.o
 .debug_frame   0x00001de4      0x108 Middlewares/Third_Party/FreeRTOS/Source/portable/MemMang/heap_4.o
 .debug_frame   0x00001eec       0xd0 src/ledDebBoard.o
 .debug_frame   0x00001fbc       0xa8 src/mQueue.o
 .debug_frame   0x00002064       0xa0 src/main.o
 .debug_frame   0x00002104       0x2c src/stm32f1xx_it.o
 .debug_frame   0x00002130       0x58 src/system_stm32f1xx.o
 .debug_frame   0x00002188       0xa4 src/uart.o
 .debug_frame   0x0000222c       0x2c c:/ac6/systemworkbench/plugins/fr.ac6.mcu.externaltools.arm-none.win32_1.17.0.201812190825/tools/compiler/bin/../lib/gcc/arm-none-eabi/7.3.1/../../../../arm-none-eabi/lib/thumb/v7-m\libc.a(lib_a-init.o)
 .debug_frame   0x00002258       0x38 c:/ac6/systemworkbench/plugins/fr.ac6.mcu.externaltools.arm-none.win32_1.17.0.201812190825/tools/compiler/bin/../lib/gcc/arm-none-eabi/7.3.1/../../../../arm-none-eabi/lib/thumb/v7-m\libc.a(lib_a-memset.o)
 .debug_frame   0x00002290       0x3c c:/ac6/systemworkbench/plugins/fr.ac6.mcu.externaltools.arm-none.win32_1.17.0.201812190825/tools/compiler/bin/../lib/gcc/arm-none-eabi/7.3.1/../../../../arm-none-eabi/lib/thumb/v7-m\libc.a(lib_a-rand.o)
 .debug_frame   0x000022cc       0x5c c:/ac6/systemworkbench/plugins/fr.ac6.mcu.externaltools.arm-none.win32_1.17.0.201812190825/tools/compiler/bin/../lib/gcc/arm-none-eabi/7.3.1/../../../../arm-none-eabi/lib/thumb/v7-m\libc.a(lib_a-__call_atexit.o)
 .debug_frame   0x00002328       0x20 c:/ac6/systemworkbench/plugins/fr.ac6.mcu.externaltools.arm-none.win32_1.17.0.201812190825/tools/compiler/bin/../lib/gcc/arm-none-eabi/7.3.1/../../../../arm-none-eabi/lib/thumb/v7-m\libc.a(lib_a-atexit.o)
 .debug_frame   0x00002348       0x34 c:/ac6/systemworkbench/plugins/fr.ac6.mcu.externaltools.arm-none.win32_1.17.0.201812190825/tools/compiler/bin/../lib/gcc/arm-none-eabi/7.3.1/../../../../arm-none-eabi/lib/thumb/v7-m\libc.a(lib_a-fini.o)
 .debug_frame   0x0000237c       0xb0 c:/ac6/systemworkbench/plugins/fr.ac6.mcu.externaltools.arm-none.win32_1.17.0.201812190825/tools/compiler/bin/../lib/gcc/arm-none-eabi/7.3.1/../../../../arm-none-eabi/lib/thumb/v7-m\libc.a(lib_a-lock.o)
 .debug_frame   0x0000242c       0x34 c:/ac6/systemworkbench/plugins/fr.ac6.mcu.externaltools.arm-none.win32_1.17.0.201812190825/tools/compiler/bin/../lib/gcc/arm-none-eabi/7.3.1/../../../../arm-none-eabi/lib/thumb/v7-m\libc.a(lib_a-__atexit.o)
